{
  "version": "1.5.0",
  "plugins_used": [
    {
      "name": "ArtifactoryDetector"
    },
    {
      "name": "AWSKeyDetector"
    },
    {
      "name": "AzureStorageKeyDetector"
    },
    {
      "name": "Base64HighEntropyString",
      "limit": 4.5
    },
    {
      "name": "BasicAuthDetector"
    },
    {
      "name": "CloudantDetector"
    },
    {
      "name": "DiscordBotTokenDetector"
    },
    {
      "name": "GitHubTokenDetector"
    },
    {
      "name": "GitLabTokenDetector"
    },
    {
      "name": "HexHighEntropyString",
      "limit": 3.0
    },
    {
      "name": "IbmCloudIamDetector"
    },
    {
      "name": "IbmCosHmacDetector"
    },
    {
      "name": "IPPublicDetector"
    },
    {
      "name": "JwtTokenDetector"
    },
    {
      "name": "KeywordDetector",
      "keyword_exclude": ""
    },
    {
      "name": "MailchimpDetector"
    },
    {
      "name": "NpmDetector"
    },
    {
      "name": "OpenAIDetector"
    },
    {
      "name": "PrivateKeyDetector"
    },
    {
      "name": "PypiTokenDetector"
    },
    {
      "name": "SendGridDetector"
    },
    {
      "name": "SlackDetector"
    },
    {
      "name": "SoftlayerDetector"
    },
    {
      "name": "SquareOAuthDetector"
    },
    {
      "name": "StripeDetector"
    },
    {
      "name": "TelegramBotTokenDetector"
    },
    {
      "name": "TwilioKeyDetector"
    }
  ],
  "filters_used": [
    {
      "path": "detect_secrets.filters.allowlist.is_line_allowlisted"
    },
    {
      "path": "detect_secrets.filters.common.is_ignored_due_to_verification_policies",
      "min_level": 2
    },
    {
      "path": "detect_secrets.filters.heuristic.is_indirect_reference"
    },
    {
      "path": "detect_secrets.filters.heuristic.is_likely_id_string"
    },
    {
      "path": "detect_secrets.filters.heuristic.is_lock_file"
    },
    {
      "path": "detect_secrets.filters.heuristic.is_not_alphanumeric_string"
    },
    {
      "path": "detect_secrets.filters.heuristic.is_potential_uuid"
    },
    {
      "path": "detect_secrets.filters.heuristic.is_prefixed_with_dollar_sign"
    },
    {
      "path": "detect_secrets.filters.heuristic.is_sequential_string"
    },
    {
      "path": "detect_secrets.filters.heuristic.is_swagger_file"
    },
    {
      "path": "detect_secrets.filters.heuristic.is_templated_secret"
    },
    {
      "path": "detect_secrets.filters.regex.should_exclude_file",
      "pattern": [
        "pnpm-lock\\.yaml",
        "\\.secrets\\.baseline"
      ]
    }
  ],
  "results": {
    "README.md": [
      {
        "type": "Basic Auth Credentials",
        "filename": "README.md",
        "hashed_secret": "afc848c316af1a89d49826c5ae9d00ed769415f3",
        "is_verified": false,
        "line_number": 148
      }
    ],
    "backend/CLAUDE.md": [
      {
        "type": "Secret Keyword",
        "filename": "backend/CLAUDE.md",
        "hashed_secret": "afc848c316af1a89d49826c5ae9d00ed769415f3",
        "is_verified": false,
        "line_number": 497
      }
    ],
    "backend/docker/development.yml": [
      {
        "type": "Secret Keyword",
        "filename": "backend/docker/development.yml",
        "hashed_secret": "afc848c316af1a89d49826c5ae9d00ed769415f3",
        "is_verified": false,
        "line_number": 12
      },
      {
        "type": "Secret Keyword",
        "filename": "backend/docker/development.yml",
        "hashed_secret": "75f9ec48f9ee41ca4899986193b97cd3775f3afb",
        "is_verified": false,
        "line_number": 37
      }
    ],
    "backend/docker/local.yml": [
      {
        "type": "Secret Keyword",
        "filename": "backend/docker/local.yml",
        "hashed_secret": "afc848c316af1a89d49826c5ae9d00ed769415f3",
        "is_verified": false,
        "line_number": 12
      }
    ],
    "docs/clover/06-sandbox-tests.md": [
      {
        "type": "Secret Keyword",
        "filename": "docs/clover/06-sandbox-tests.md",
        "hashed_secret": "87d28216f979299b9fad92ea1418dd00c8cf754d",
        "is_verified": false,
        "line_number": 39
      },
      {
        "type": "Secret Keyword",
        "filename": "docs/clover/06-sandbox-tests.md",
        "hashed_secret": "7b33bd3d0fc3125ed1265f61ebf1a9f75299f241",
        "is_verified": false,
        "line_number": 111
      },
      {
        "type": "Secret Keyword",
        "filename": "docs/clover/06-sandbox-tests.md",
        "hashed_secret": "d041d7d7a530db09b8901dc803d6747770c18bd8",
        "is_verified": false,
        "line_number": 201
      }
    ],
    "frontend/src/locales/en/translation.json": [
      {
        "type": "Secret Keyword",
        "filename": "frontend/src/locales/en/translation.json",
        "hashed_secret": "8be3c943b1609fffbfc51aad666d0a04adf83c9d",
        "is_verified": false,
        "line_number": 6
      },
      {
        "type": "Secret Keyword",
        "filename": "frontend/src/locales/en/translation.json",
        "hashed_secret": "4a7c565d4c4430e3bb8fa6c560125d5eb37e7c3d",
        "is_verified": false,
        "line_number": 11
      },
      {
        "type": "Secret Keyword",
        "filename": "frontend/src/locales/en/translation.json",
        "hashed_secret": "a2f060b7363f54c9f80d62805d36636dd7ebc33c",
        "is_verified": false,
        "line_number": 25
      },
      {
        "type": "Secret Keyword",
        "filename": "frontend/src/locales/en/translation.json",
        "hashed_secret": "1af32dad545f4e807437ea22be330b747e75cee9",
        "is_verified": false,
        "line_number": 26
      },
      {
        "type": "Secret Keyword",
        "filename": "frontend/src/locales/en/translation.json",
        "hashed_secret": "373d4504cf8b0ce26ba728e62794936470fc0617",
        "is_verified": false,
        "line_number": 28
      },
      {
        "type": "Secret Keyword",
        "filename": "frontend/src/locales/en/translation.json",
        "hashed_secret": "fab9f40578d875e348418f687879a198cf91d5a3",
        "is_verified": false,
        "line_number": 29
      },
      {
        "type": "Secret Keyword",
        "filename": "frontend/src/locales/en/translation.json",
        "hashed_secret": "044b852f30b636aa923b18a61a35c79abc87556f",
        "is_verified": false,
        "line_number": 40
      },
      {
        "type": "Secret Keyword",
        "filename": "frontend/src/locales/en/translation.json",
        "hashed_secret": "e40123b4e7879a56fc22171a9ae637d418288daa",
        "is_verified": false,
        "line_number": 41
      },
      {
        "type": "Secret Keyword",
        "filename": "frontend/src/locales/en/translation.json",
        "hashed_secret": "6c56a9249cba324d029f725f1f7c0e47184e2dcf",
        "is_verified": false,
        "line_number": 45
      },
      {
        "type": "Secret Keyword",
        "filename": "frontend/src/locales/en/translation.json",
        "hashed_secret": "3e7d56a95804ff3c322b97a7e7cdba25dc920957",
        "is_verified": false,
        "line_number": 46
      },
      {
        "type": "Secret Keyword",
        "filename": "frontend/src/locales/en/translation.json",
        "hashed_secret": "d69c3b1ac54be7da3666d9937b9c78e7c309d6e8",
        "is_verified": false,
        "line_number": 47
      }
    ],
    "frontend/src/locales/es/translation.json": [
      {
        "type": "Secret Keyword",
        "filename": "frontend/src/locales/es/translation.json",
        "hashed_secret": "5a6d1c612954979ea99ee33dbb2d231b00f6ac0a",
        "is_verified": false,
        "line_number": 6
      },
      {
        "type": "Secret Keyword",
        "filename": "frontend/src/locales/es/translation.json",
        "hashed_secret": "1cf31e02bf7c19d36f7fd85ca673beb6ab075457",
        "is_verified": false,
        "line_number": 11
      },
      {
        "type": "Secret Keyword",
        "filename": "frontend/src/locales/es/translation.json",
        "hashed_secret": "c655cfbac5dc308c74bebfc1bf8a87168bf49c9f",
        "is_verified": false,
        "line_number": 26
      },
      {
        "type": "Secret Keyword",
        "filename": "frontend/src/locales/es/translation.json",
        "hashed_secret": "36a41af8c8099b0c3d95c6ccb3d8a23ad7330151",
        "is_verified": false,
        "line_number": 27
      },
      {
        "type": "Secret Keyword",
        "filename": "frontend/src/locales/es/translation.json",
        "hashed_secret": "9df59d65860fc3321ee05f9a00e4f11c4c595f17",
        "is_verified": false,
        "line_number": 28
      },
      {
        "type": "Secret Keyword",
        "filename": "frontend/src/locales/es/translation.json",
        "hashed_secret": "6f6121bfe0966706a6c3860b18a5d59fb9938a8a",
        "is_verified": false,
        "line_number": 29
      },
      {
        "type": "Secret Keyword",
        "filename": "frontend/src/locales/es/translation.json",
        "hashed_secret": "eaa4dc9920e257b52896d4eb2733705d89af6104",
        "is_verified": false,
        "line_number": 30
      },
      {
        "type": "Secret Keyword",
        "filename": "frontend/src/locales/es/translation.json",
        "hashed_secret": "3d04be8b9cef8a2743fc91a6e34c0272a1b3a194",
        "is_verified": false,
        "line_number": 40
      },
      {
        "type": "Secret Keyword",
        "filename": "frontend/src/locales/es/translation.json",
        "hashed_secret": "a0e898048bbec1b000a6a80fb85068f85bae1cc2",
        "is_verified": false,
        "line_number": 41
      },
      {
        "type": "Secret Keyword",
        "filename": "frontend/src/locales/es/translation.json",
        "hashed_secret": "1ab2e5b6f77f0a0308ba17795c0261d3116af6e9",
        "is_verified": false,
        "line_number": 45
      },
      {
        "type": "Secret Keyword",
        "filename": "frontend/src/locales/es/translation.json",
        "hashed_secret": "6dfc197e19bc91e9ea1e713af1afa590bcb91529",
        "is_verified": false,
        "line_number": 46
      },
      {
        "type": "Secret Keyword",
        "filename": "frontend/src/locales/es/translation.json",
        "hashed_secret": "d4c5cdf17c6b6a46dd939ad3f9304e726e60384f",
        "is_verified": false,
        "line_number": 47
      }
    ],
    "skills-lock.json": [
      {
        "type": "Hex High Entropy String",
        "filename": "skills-lock.json",
        "hashed_secret": "cafc32ed1e2eaca10bcbdd9aedafcff38585f19e",
        "is_verified": false,
        "line_number": 7
      }
    ]
  },
  "generated_at": "2026-03-21T22:28:26Z"
}
